GPR0 0000000000000000
GPR1 FFFFFFFFFFFFFFE7
GPR2 0000000008000000
GPR3 FFFFFF70FFFE3F4F
GPR4 000000000000001B
GPR5 0000000000000001
GPR6 0000000000000000
GPR7 0000000088440488
GPR8 FFFFFF70FFFE3F50
GPR9 0000000000000018
GPR10 0000000000000000
GPR11 0000000000000000
GPR12 00000000000090D8
GPR13 DC3FFF8FDBC00003
GPR14 000000000000003B
GPR15 0000000000000000
GPR16 0000000000000028
GPR17 FFFFFFFFFFFFFFFC
GPR18 000000000001C038
GPR19 0000000000000000
GPR20 000000000000001B
GPR21 FFFFDB86FFFFDB86
GPR22 00000000DEA40020
GPR23 000000000001C020
GPR24 FFFFFFFFFFFFDBA2
GPR25 0000000000000020
GPR26 0000000000000018
GPR27 000000000000245D
GPR28 0000000000000019
GPR29 0000000088440490
GPR30 FFFFFFFFFFFFFFF8
GPR31 
CR 0000000048480488
LR 0000000048440488
CTR 0000000000000020
XER 0000000000000000

