GPR0 00000000300008C0
GPR1 0000000000009C8D
GPR2 01FFFFFFFFFFFFDB
GPR3 FFFFFFFFC4130000
GPR4 0000000000000000
GPR5 FFFFFFFFFFFFFFFE
GPR6 0000000000000000
GPR7 0000000000000000
GPR8 0000000000000000
GPR9 0000000000002D3E
GPR10 0000000000000000
GPR11 FFFFBB87FFFF8007
GPR12 F8FF6C00000001FF
GPR13 0000000000000000
GPR14 0270007102700071
GPR15 0000000000000000
GPR16 000000005FFFFFFF
GPR17 00000000300008C0
GPR18 0000000011806024
GPR19 000000009DF67F98
GPR20 0000000040088488
GPR21 0000000001FFFFFF
GPR22 0000000000000000
GPR23 0000000000000040
GPR24 0000000000000000
GPR25 FFFFFFFFFFFFFFDB
GPR26 FFFFFFFFFFFFBB87
GPR27 000000005FFFFFFF
GPR28 0000000000000000
GPR29 0000000000000000
GPR30 0270007102700071
GPR31 
CR 0000000000080448
LR 0000000000000012
CTR 0000000000000000
XER 0000000000000000

