GPR0 0000000000000000
GPR1 0000000000000000
GPR2 0000000000062618
GPR3 FFFFFFFFFFFFFFFF
GPR4 FFFFFFFFFFFFFFFF
GPR5 0000000000000000
GPR6 0000000000000000
GPR7 FFFFFFFFFFFFFFFF
GPR8 AB2FF8FFAB2FF8FF
GPR9 0000000000000000
GPR10 0000000000000000
GPR11 0000000000000000
GPR12 0000000000000000
GPR13 FFFFFFFFFFFFFFFF
GPR14 0000000000000000
GPR15 0000000000000040
GPR16 0000000000000000
GPR17 0000000000000000
GPR18 0000000000000000
GPR19 0000000000000000
GPR20 FFFFFFFFFFFFFFFE
GPR21 000000000000AC20
GPR22 000000000001C023
GPR23 0000000000000000
GPR24 0000000000000000
GPR25 0000000000000010
GPR26 0000000000000000
GPR27 FFFFFFFEAB2FF900
GPR28 0000000000000024
GPR29 0000000000000023
GPR30 FFFFFFFFFFFFE0C5
GPR31 
CR 0000000020F88004
LR 0000000000000000
CTR 00000000000083A2
XER 0000000000000000

