GPR0 0000000000000000
GPR1 0000000000000000
GPR2 3804000038000000
GPR3 0000000000000000
GPR4 0000000000000000
GPR5 0000000000000000
GPR6 0000000000000000
GPR7 000000000001C00C
GPR8 0000000000000001
GPR9 FFFFFFFFFFFFFFDE
GPR10 0000000000000000
GPR11 0000000000000000
GPR12 0000000000000000
GPR13 0000000000000000
GPR14 000000000001C020
GPR15 0000000000000000
GPR16 0000000000000000
GPR17 0000000000000000
GPR18 0000000000000000
GPR19 FFFFFFFFFFFFF097
GPR20 FFFFFFFFFFFFC020
GPR21 0000000000000000
GPR22 0000000000000000
GPR23 0000000000000000
GPR24 0000000000000000
GPR25 0000000000000000
GPR26 0000000000000000
GPR27 0000000000000008
GPR28 000000000000001B
GPR29 000000000000000F
GPR30 0000000000000000
GPR31 
CR 00000000204E08F8
LR 0000000000000000
CTR 000000000001F096
XER 0000000000000000

