GPR0 0000000000000000
GPR1 0000000000000000
GPR2 000000000000001C
GPR3 0000000000000000
GPR4 000E070D000E070D
GPR5 FFFFFFFF7FFF8912
GPR6 FFFFFFFFFFF0A9CC
GPR7 FFFFFFFFFFFFA9CC
GPR8 8000000000000000
GPR9 0000528000000000
GPR10 0000000000000000
GPR11 FFFFFFFFFFFFFFFF
GPR12 0000000000000000
GPR13 000000000000770E
GPR14 FFFFFFFFFFFFFFBE
GPR15 0000000000000000
GPR16 000000000000001E
GPR17 00000FEF00000FEF
GPR18 6EE0000000007715
GPR19 0000000000381C80
GPR20 000000000000001C
GPR21 0000000000000007
GPR22 000000000000001C
GPR23 FFFFAD7F80000000
GPR24 00000FEF00000FEF
GPR25 00000000800076EE
GPR26 FFFFAD7F80000000
GPR27 0000000000001FE0
GPR28 000000000000C7D4
GPR29 0000000000007039
GPR30 00000000204F0022
GPR31 
CR 00000000444F0022
LR 000000004F4F0022
CTR 000000000001C01E
XER 0000000000000000

