GPR0 0000000000000000
GPR1 FFFFFFFFFFFFFF87
GPR2 0000000000000000
GPR3 200001C0200001C0
GPR4 0000000000000040
GPR5 000000007C000000
GPR6 0000000000000000
GPR7 0000000000000000
GPR8 0000000000000000
GPR9 00000000F0F078B0
GPR10 0000000000000000
GPR11 0000000000000000
GPR12 0000000000000000
GPR13 0000000000000000
GPR14 0000000000000000
GPR15 0000000000003637
GPR16 0000000000000040
GPR17 FFFFFFFFFFFEFFFF
GPR18 2000000000000101
GPR19 0000000000000000
GPR20 FFFFFFFFFFFFFFFF
GPR21 0000000000000000
GPR22 0000000000000000
GPR23 FFFFFFFFFFFFFFFF
GPR24 0000000000000000
GPR25 0000000000000110
GPR26 FFFFFFFFFFFEFFFF
GPR27 0000000000000000
GPR28 00000000F0F0F0F0
GPR29 0000000000000000
GPR30 0000000000000000
GPR31 
CR 00000000208408EA
LR 3804000000000000
CTR 000000007FFFFF00
XER 0000000000000000

