GPR0 0000000000000000
GPR1 5571C25F9ABBCB89
GPR2 000000000000C021
GPR3 00000000ADC1101F
GPR4 1B0C4A8D1B0C4A8D
GPR5 FFFFFFFF85040CDD
GPR6 0000000056E089FD
GPR7 5571C25F9ABB8B68
GPR8 FFFFFFFFA91F79DE
GPR9 0000000000004020
GPR10 0000000000000000
GPR11 0000000080000000
GPR12 00000000000003D1
GPR13 0000000000000000
GPR14 FFFFFFFFDCB7EC0B
GPR15 0000000000000000
GPR16 000000000001C020
GPR17 776A47DE77FFFFFE
GPR18 FFFFFFFFFFFFFFFF
GPR19 0000000000000000
GPR20 FFFFFFFF5757BD76
GPR21 FFFFFFFFFFFFFC2E
GPR22 0000000000000000
GPR23 000000000001CB7D
GPR24 0000000000000000
GPR25 FFFFEFF6A47DE77F
GPR26 0000000000000000
GPR27 00000000000067FA
GPR28 00000000A8A6B72B
GPR29 0000000000000000
GPR30 000000000000002E
GPR31 
CR 0000000020200044
LR 0000030000000000
CTR 0000000000000040
XER 0000000000000000

