GPR0 0000000000000001
GPR1 FFFFFFFF82520000
GPR2 0000000000000000
GPR3 FFFFFFFFFFFEFFFE
GPR4 0000000000000000
GPR5 0000000000000001
GPR6 0000000000000922
GPR7 0000000000000020
GPR8 FFFFFFFFFFFFFFFF
GPR9 0000000000000000
GPR10 0000000000000000
GPR11 0000000000000000
GPR12 0000000000000000
GPR13 FFFFFFFFFFFFAA2E
GPR14 0000000000010000
GPR15 000000000000FF0E
GPR16 0000000000000000
GPR17 0000000000000000
GPR18 0000000000000000
GPR19 FFFFFFFFFFFFFFFE
GPR20 0248800002488000
GPR21 0000000000000000
GPR22 000000000001C028
GPR23 000000000001C028
GPR24 0000000000000001
GPR25 000000000001BC82
GPR26 0006F20800000000
GPR27 0000000000000000
GPR28 FFFFFFFFFFFFFFFF
GPR29 0006F207FFFE3FD8
GPR30 0000000000000000
GPR31 
CR 0000000080400000
LR FFFFFFFF82520000
CTR 0000000000000019
XER 0000000000000000

