GPR0 0000000000000000
GPR1 0000000000000000
GPR2 0000000000000000
GPR3 FFFFFFFFFF7FC43F
GPR4 0000000000000000
GPR5 0000000000000000
GPR6 FFFE00000000001F
GPR7 0000000000000000
GPR8 FFFFFFFFFFFFFFFE
GPR9 0000000000000020
GPR10 0000000000803BC1
GPR11 FFFFFFFFFFFF9E22
GPR12 FFFFFFFFFFFFFFFF
GPR13 00000000007FD9E7
GPR14 FFFFFFFF39FAA0BA
GPR15 0000000000803BC0
GPR16 FFFE00000000001E
GPR17 FFFFFFFFFFFE9B80
GPR18 0000000000000006
GPR19 0000000040400000
GPR20 0000000040800000
GPR21 0000000000000001
GPR22 000000000001C020
GPR23 0000000000000000
GPR24 0000000000000040
GPR25 FFFFFFFFFFFFFFFF
GPR26 0000000000000021
GPR27 00000000C6050000
GPR28 00000000007FD9E3
GPR29 0000000000000020
GPR30 FFFFFFFFFFFE0000
GPR31 
CR 0000000040800000
LR 0000000000000020
CTR 000000000001C01D
XER 0000000000000000

