GPR0 00000000D6380000
GPR1 00000000D6380000
GPR2 0000000000000000
GPR3 0000000000000000
GPR4 0000000000000000
GPR5 0000000000000000
GPR6 FFFFFFFFFFFFFFCE
GPR7 0000000000000008
GPR8 0000000000000000
GPR9 0000000600000006
GPR10 0000000000000032
GPR11 0000000000000000
GPR12 0000000000000000
GPR13 0000000000000000
GPR14 0000000000000000
GPR15 0000000000000000
GPR16 0000000000000000
GPR17 0000000000000000
GPR18 0000000000000000
GPR19 0000000000000000
GPR20 FFFFFFFFFFFFFFCD
GPR21 0000000000000000
GPR22 0000000000000000
GPR23 0000000000000000
GPR24 FFFFFFFFFFFFFFFE
GPR25 0000000000000000
GPR26 00000000D6380000
GPR27 0000000000000032
GPR28 FFFFFFFFF00003FF
GPR29 0000000000000000
GPR30 2000194420001944
GPR31 
CR 0000000088848008
LR 0000000000000040
CTR FFFFFFFFFFFFFFFB
XER 0000000000000000

