GPR0 0000000000000020
GPR1 0000000000000007
GPR2 00000000E0100002
GPR3 0000000000000020
GPR4 000000000000E010
GPR5 0000000000000000
GPR6 0000000000000400
GPR7 0000000000000044
GPR8 FFFFFFFFFFFFFE40
GPR9 0000000000000001
GPR10 FFFFFFFFFFFFFFFE
GPR11 0000000000000060
GPR12 0000000000000000
GPR13 000000000000001A
GPR14 0000000000000006
GPR15 0000000000000020
GPR16 0000000000000040
GPR17 0000000000000004
GPR18 000000000001C020
GPR19 0000000000000000
GPR20 0000000000000000
GPR21 0000000000000000
GPR22 0000000000000000
GPR23 0000000000000000
GPR24 000000000000003A
GPR25 0000000000003000
GPR26 0000000000000001
GPR27 000000007B740000
GPR28 FFFFFFFFFFFFFFFF
GPR29 FFFE3E20FFFE3E20
GPR30 0000000000000000
GPR31 
CR 000000004000048B
LR 0000000000007008
CTR 0000000000000000
XER 0000000000000000

