GPR0 000000004671FFFD
GPR1 0000000000009800
GPR2 FFFFFFFFFFFF1C10
GPR3 000000000000000B
GPR4 FFFFFFFFFFFFFDF7
GPR5 0000000000000000
GPR6 0000000000000000
GPR7 0000000000000041
GPR8 0000000000000000
GPR9 FFFFFFFFFFFFFDF7
GPR10 00000000379C3FDF
GPR11 0000000000000000
GPR12 0000000000000000
GPR13 000000004671FFFD
GPR14 0000000000000000
GPR15 0000000000000000
GPR16 FFFFFFFFFFFFFF8F
GPR17 0000000000000000
GPR18 FFFFFFFFFFFFFFFF
GPR19 0000000000000000
GPR20 E0100000E0000000
GPR21 000000000001C020
GPR22 000000000000000C
GPR23 0000000000000000
GPR24 0000000000000000
GPR25 0000000000000023
GPR26 FFFFFFFFFFFEA7DF
GPR27 0000000000000002
GPR28 0000000000000000
GPR29 0000000000000000
GPR30 FFFFFFFFFFFFFFDD
GPR31 
CR 00000000200C0000
LR 0000000000000000
CTR 000000000000006F
XER 0000000000000000

