GPR0 0000000000000000
GPR1 0000000000000020
GPR2 FFF8E98000004AC8
GPR3 000000000001C020
GPR4 0000000000000000
GPR5 0000000000000000
GPR6 000000000003FC00
GPR7 FB13B13B53B2FB1F
GPR8 0000000000000000
GPR9 0000000007E00000
GPR10 0000000000000020
GPR11 FFFFFFFFFFFFB89F
GPR12 0000000000000000
GPR13 0000000000000007
GPR14 0000000000002000
GPR15 000000000000001B
GPR16 FFFFFFF100000000
GPR17 0000000007E3FC00
GPR18 000000000000001A
GPR19 0000000000000003
GPR20 FFFFFFFFFFFFFFFF
GPR21 0000000000000000
GPR22 0000000D0000000E
GPR23 FFFFFFFFFFFFF2A3
GPR24 0000000000000000
GPR25 FFFFAA704FDE0291
GPR26 0000000000000000
GPR27 0000000000000000
GPR28 0000558FB021FD74
GPR29 0007167FFFFFB52D
GPR30 000000000000001B
GPR31 
CR 0000000080032488
LR 000000000000C000
CTR FFF8E98000004AC8
XER 0000000000000000

