GPR0 0000000000000000
GPR1 000000000003C9EB
GPR2 0000000000000000
GPR3 FFFFFFFFFFFFFFFF
GPR4 000000000000003D
GPR5 0000000000000000
GPR6 0000000000000000
GPR7 0000000000000000
GPR8 0000000000000000
GPR9 0000000000000016
GPR10 FFFFFFFFFFFFFFC0
GPR11 0000000000000140
GPR12 FFFFFFFFFFFFFFC0
GPR13 0000000000000000
GPR14 000000000000003D
GPR15 FFFFFFFFFFFFFFFE
GPR16 FFFFFF7FFF800040
GPR17 000000000000609C
GPR18 0000000000000000
GPR19 0000000000000000
GPR20 0000000000000016
GPR21 0000000000004000
GPR22 0000000000000000
GPR23 0000008000800000
GPR24 000000000000003D
GPR25 FFFFFFFFFFC00000
GPR26 000000000001C020
GPR27 000000000000002F
GPR28 000000000001C008
GPR29 0000000000000020
GPR30 0000000000000080
GPR31 
CR 0000000020084848
LR 0000008000800000
CTR 0000000000000000
XER 0000000000000000

