GPR0 0000000000000001
GPR1 000000000001C020
GPR2 0000000000000040
GPR3 0000000700000006
GPR4 0000000000007000
GPR5 FFFFFFFFFFFFFFFE
GPR6 00006FFF00006FFF
GPR7 0000000000000001
GPR8 0000000000000000
GPR9 0000000000006FFF
GPR10 0000000028444801
GPR11 0000000000000000
GPR12 000000000000001A
GPR13 144222403C466A42
GPR14 0000000000000000
GPR15 0000000000000000
GPR16 00000000EBC90000
GPR17 FFFFFFFFFFFFFFFF
GPR18 000000000000234E
GPR19 000000002844B802
GPR20 0000000000000006
GPR21 1442224014022240
GPR22 0000000000000002
GPR23 0000000000000020
GPR24 0000013DA00D4961
GPR25 0000000014022240
GPR26 000000000001C020
GPR27 0000200000000000
GPR28 0000000028444802
GPR29 FFFFFFFFFFFFFFFF
GPR30 0000000028444802
GPR31 
CR 0000000048444882
LR 000000000001C00C
CTR FFFFFFFFFFFFDB94
XER 0000000000000000

